[0.681s] Invoking command in '/home/katzchen/Documents/Taller/6DOF-3D-Printed-Robotic-Arm-ROS-2-Computer-Vision-Integration/Vision_System/Vision_System_Computer/ros2_ws/src/vision_processor': CONDA_PROMPT_MODIFIER=(taller) PYTHONPATH=/home/katzchen/Documents/Taller/6DOF-3D-Printed-Robotic-Arm-ROS-2-Computer-Vision-Integration/Vision_System/Vision_System_Computer/ros2_ws/build/vision_processor/prefix_override:/usr/lib/python3/dist-packages/colcon_core/task/python/colcon_distutils_commands:/home/katzchen/Documents/Taller/6DOF-3D-Printed-Robotic-Arm-ROS-2-Computer-Vision-Integration/Vision_System/Vision_System_Computer/ros2_ws/install/vision_processor/lib/python3.10/site-packages:${PYTHONPATH} /usr/bin/python3 -W ignore:setup.py install is deprecated -W ignore:easy_install command is deprecated setup.py egg_info --egg-base ../../build/vision_processor build --build-base /home/katzchen/Documents/Taller/6DOF-3D-Printed-Robotic-Arm-ROS-2-Computer-Vision-Integration/Vision_System/Vision_System_Computer/ros2_ws/build/vision_processor/build install --record /home/katzchen/Documents/Taller/6DOF-3D-Printed-Robotic-Arm-ROS-2-Computer-Vision-Integration/Vision_System/Vision_System_Computer/ros2_ws/build/vision_processor/install.log --single-version-externally-managed install_data
[0.956s] running egg_info
[0.974s] writing ../../build/vision_processor/vision_processor.egg-info/PKG-INFO
[0.974s] writing dependency_links to ../../build/vision_processor/vision_processor.egg-info/dependency_links.txt
[0.974s] writing entry points to ../../build/vision_processor/vision_processor.egg-info/entry_points.txt
[0.975s] writing requirements to ../../build/vision_processor/vision_processor.egg-info/requires.txt
[0.975s] writing top-level names to ../../build/vision_processor/vision_processor.egg-info/top_level.txt
[1.012s] reading manifest file '../../build/vision_processor/vision_processor.egg-info/SOURCES.txt'
[1.014s] writing manifest file '../../build/vision_processor/vision_processor.egg-info/SOURCES.txt'
[1.014s] running build
[1.014s] running build_py
[1.014s] copying vision_processor/pubside.py -> /home/katzchen/Documents/Taller/6DOF-3D-Printed-Robotic-Arm-ROS-2-Computer-Vision-Integration/Vision_System/Vision_System_Computer/ros2_ws/build/vision_processor/build/lib/vision_processor
[1.015s] copying vision_processor/pubsup.py -> /home/katzchen/Documents/Taller/6DOF-3D-Printed-Robotic-Arm-ROS-2-Computer-Vision-Integration/Vision_System/Vision_System_Computer/ros2_ws/build/vision_processor/build/lib/vision_processor
[1.015s] copying vision_processor/__init__.py -> /home/katzchen/Documents/Taller/6DOF-3D-Printed-Robotic-Arm-ROS-2-Computer-Vision-Integration/Vision_System/Vision_System_Computer/ros2_ws/build/vision_processor/build/lib/vision_processor
[1.015s] copying vision_processor/pubsub.py -> /home/katzchen/Documents/Taller/6DOF-3D-Printed-Robotic-Arm-ROS-2-Computer-Vision-Integration/Vision_System/Vision_System_Computer/ros2_ws/build/vision_processor/build/lib/vision_processor
[1.015s] copying vision_processor/sub.py -> /home/katzchen/Documents/Taller/6DOF-3D-Printed-Robotic-Arm-ROS-2-Computer-Vision-Integration/Vision_System/Vision_System_Computer/ros2_ws/build/vision_processor/build/lib/vision_processor
[1.016s] running install
[1.020s] running install_lib
[1.040s] copying /home/katzchen/Documents/Taller/6DOF-3D-Printed-Robotic-Arm-ROS-2-Computer-Vision-Integration/Vision_System/Vision_System_Computer/ros2_ws/build/vision_processor/build/lib/vision_processor/pubsub.py -> /home/katzchen/Documents/Taller/6DOF-3D-Printed-Robotic-Arm-ROS-2-Computer-Vision-Integration/Vision_System/Vision_System_Computer/ros2_ws/install/vision_processor/lib/python3.10/site-packages/vision_processor
[1.040s] byte-compiling /home/katzchen/Documents/Taller/6DOF-3D-Printed-Robotic-Arm-ROS-2-Computer-Vision-Integration/Vision_System/Vision_System_Computer/ros2_ws/install/vision_processor/lib/python3.10/site-packages/vision_processor/pubsub.py to pubsub.cpython-310.pyc
[1.043s] running install_data
[1.043s] copying resource/vision_processor -> /home/katzchen/Documents/Taller/6DOF-3D-Printed-Robotic-Arm-ROS-2-Computer-Vision-Integration/Vision_System/Vision_System_Computer/ros2_ws/install/vision_processor/share/ament_index/resource_index/packages
[1.043s] copying package.xml -> /home/katzchen/Documents/Taller/6DOF-3D-Printed-Robotic-Arm-ROS-2-Computer-Vision-Integration/Vision_System/Vision_System_Computer/ros2_ws/install/vision_processor/share/vision_processor
[1.044s] copying vision_processor/calib_upside_data.npz -> /home/katzchen/Documents/Taller/6DOF-3D-Printed-Robotic-Arm-ROS-2-Computer-Vision-Integration/Vision_System/Vision_System_Computer/ros2_ws/install/vision_processor/lib/vision_processor
[1.044s] copying vision_processor/calib_side_data.npz -> /home/katzchen/Documents/Taller/6DOF-3D-Printed-Robotic-Arm-ROS-2-Computer-Vision-Integration/Vision_System/Vision_System_Computer/ros2_ws/install/vision_processor/lib/vision_processor
[1.044s] running install_egg_info
[1.064s] removing '/home/katzchen/Documents/Taller/6DOF-3D-Printed-Robotic-Arm-ROS-2-Computer-Vision-Integration/Vision_System/Vision_System_Computer/ros2_ws/install/vision_processor/lib/python3.10/site-packages/vision_processor-0.0.0-py3.10.egg-info' (and everything under it)
[1.064s] Copying ../../build/vision_processor/vision_processor.egg-info to /home/katzchen/Documents/Taller/6DOF-3D-Printed-Robotic-Arm-ROS-2-Computer-Vision-Integration/Vision_System/Vision_System_Computer/ros2_ws/install/vision_processor/lib/python3.10/site-packages/vision_processor-0.0.0-py3.10.egg-info
[1.065s] running install_scripts
[1.102s] Installing pubside script to /home/katzchen/Documents/Taller/6DOF-3D-Printed-Robotic-Arm-ROS-2-Computer-Vision-Integration/Vision_System/Vision_System_Computer/ros2_ws/install/vision_processor/lib/vision_processor
[1.102s] Installing pubsub script to /home/katzchen/Documents/Taller/6DOF-3D-Printed-Robotic-Arm-ROS-2-Computer-Vision-Integration/Vision_System/Vision_System_Computer/ros2_ws/install/vision_processor/lib/vision_processor
[1.103s] Installing pubsup script to /home/katzchen/Documents/Taller/6DOF-3D-Printed-Robotic-Arm-ROS-2-Computer-Vision-Integration/Vision_System/Vision_System_Computer/ros2_ws/install/vision_processor/lib/vision_processor
[1.103s] Installing sub script to /home/katzchen/Documents/Taller/6DOF-3D-Printed-Robotic-Arm-ROS-2-Computer-Vision-Integration/Vision_System/Vision_System_Computer/ros2_ws/install/vision_processor/lib/vision_processor
[1.103s] writing list of installed files to '/home/katzchen/Documents/Taller/6DOF-3D-Printed-Robotic-Arm-ROS-2-Computer-Vision-Integration/Vision_System/Vision_System_Computer/ros2_ws/build/vision_processor/install.log'
[1.127s] Invoked command in '/home/katzchen/Documents/Taller/6DOF-3D-Printed-Robotic-Arm-ROS-2-Computer-Vision-Integration/Vision_System/Vision_System_Computer/ros2_ws/src/vision_processor' returned '0': CONDA_PROMPT_MODIFIER=(taller) PYTHONPATH=/home/katzchen/Documents/Taller/6DOF-3D-Printed-Robotic-Arm-ROS-2-Computer-Vision-Integration/Vision_System/Vision_System_Computer/ros2_ws/build/vision_processor/prefix_override:/usr/lib/python3/dist-packages/colcon_core/task/python/colcon_distutils_commands:/home/katzchen/Documents/Taller/6DOF-3D-Printed-Robotic-Arm-ROS-2-Computer-Vision-Integration/Vision_System/Vision_System_Computer/ros2_ws/install/vision_processor/lib/python3.10/site-packages:${PYTHONPATH} /usr/bin/python3 -W ignore:setup.py install is deprecated -W ignore:easy_install command is deprecated setup.py egg_info --egg-base ../../build/vision_processor build --build-base /home/katzchen/Documents/Taller/6DOF-3D-Printed-Robotic-Arm-ROS-2-Computer-Vision-Integration/Vision_System/Vision_System_Computer/ros2_ws/build/vision_processor/build install --record /home/katzchen/Documents/Taller/6DOF-3D-Printed-Robotic-Arm-ROS-2-Computer-Vision-Integration/Vision_System/Vision_System_Computer/ros2_ws/build/vision_processor/install.log --single-version-externally-managed install_data
