[0.437s] Invoking command in '/home/katzchen/Documents/Taller/6DOF-3D-Printed-Robotic-Arm-ROS-2-Computer-Vision-Integration/Vision_System/Vision_System_Computer/ros2_ws/build/vision_processor': CONDA_PROMPT_MODIFIER=(taller) PYTHONPATH=/home/katzchen/Documents/Taller/6DOF-3D-Printed-Robotic-Arm-ROS-2-Computer-Vision-Integration/Vision_System/Vision_System_Computer/ros2_ws/build/vision_processor/prefix_override:/usr/lib/python3/dist-packages/colcon_core/task/python/colcon_distutils_commands:/home/katzchen/Documents/Taller/6DOF-3D-Printed-Robotic-Arm-ROS-2-Computer-Vision-Integration/Vision_System/Vision_System_Computer/ros2_ws/install/vision_processor/lib/python3.10/site-packages:${PYTHONPATH} /usr/bin/python3 -W ignore:setup.py install is deprecated -W ignore:easy_install command is deprecated setup.py develop --uninstall --editable --build-directory /home/katzchen/Documents/Taller/6DOF-3D-Printed-Robotic-Arm-ROS-2-Computer-Vision-Integration/Vision_System/Vision_System_Computer/ros2_ws/build/vision_processor/build
[0.618s] running develop
[0.734s] Removing /home/katzchen/Documents/Taller/6DOF-3D-Printed-Robotic-Arm-ROS-2-Computer-Vision-Integration/Vision_System/Vision_System_Computer/ros2_ws/install/vision_processor/lib/python3.10/site-packages/vision-processor.egg-link (link to .)
[0.754s] Invoked command in '/home/katzchen/Documents/Taller/6DOF-3D-Printed-Robotic-Arm-ROS-2-Computer-Vision-Integration/Vision_System/Vision_System_Computer/ros2_ws/build/vision_processor' returned '0': CONDA_PROMPT_MODIFIER=(taller) PYTHONPATH=/home/katzchen/Documents/Taller/6DOF-3D-Printed-Robotic-Arm-ROS-2-Computer-Vision-Integration/Vision_System/Vision_System_Computer/ros2_ws/build/vision_processor/prefix_override:/usr/lib/python3/dist-packages/colcon_core/task/python/colcon_distutils_commands:/home/katzchen/Documents/Taller/6DOF-3D-Printed-Robotic-Arm-ROS-2-Computer-Vision-Integration/Vision_System/Vision_System_Computer/ros2_ws/install/vision_processor/lib/python3.10/site-packages:${PYTHONPATH} /usr/bin/python3 -W ignore:setup.py install is deprecated -W ignore:easy_install command is deprecated setup.py develop --uninstall --editable --build-directory /home/katzchen/Documents/Taller/6DOF-3D-Printed-Robotic-Arm-ROS-2-Computer-Vision-Integration/Vision_System/Vision_System_Computer/ros2_ws/build/vision_processor/build
[0.755s] Invoking command in '/home/katzchen/Documents/Taller/6DOF-3D-Printed-Robotic-Arm-ROS-2-Computer-Vision-Integration/Vision_System/Vision_System_Computer/ros2_ws/src/vision_processor': CONDA_PROMPT_MODIFIER=(taller) PYTHONPATH=/home/katzchen/Documents/Taller/6DOF-3D-Printed-Robotic-Arm-ROS-2-Computer-Vision-Integration/Vision_System/Vision_System_Computer/ros2_ws/build/vision_processor/prefix_override:/usr/lib/python3/dist-packages/colcon_core/task/python/colcon_distutils_commands:/home/katzchen/Documents/Taller/6DOF-3D-Printed-Robotic-Arm-ROS-2-Computer-Vision-Integration/Vision_System/Vision_System_Computer/ros2_ws/install/vision_processor/lib/python3.10/site-packages:${PYTHONPATH} /usr/bin/python3 -W ignore:setup.py install is deprecated -W ignore:easy_install command is deprecated setup.py egg_info --egg-base ../../build/vision_processor build --build-base /home/katzchen/Documents/Taller/6DOF-3D-Printed-Robotic-Arm-ROS-2-Computer-Vision-Integration/Vision_System/Vision_System_Computer/ros2_ws/build/vision_processor/build install --record /home/katzchen/Documents/Taller/6DOF-3D-Printed-Robotic-Arm-ROS-2-Computer-Vision-Integration/Vision_System/Vision_System_Computer/ros2_ws/build/vision_processor/install.log --single-version-externally-managed install_data --force
[0.923s] running egg_info
[0.923s] writing ../../build/vision_processor/vision_processor.egg-info/PKG-INFO
[0.923s] writing dependency_links to ../../build/vision_processor/vision_processor.egg-info/dependency_links.txt
[0.923s] writing entry points to ../../build/vision_processor/vision_processor.egg-info/entry_points.txt
[0.923s] writing requirements to ../../build/vision_processor/vision_processor.egg-info/requires.txt
[0.923s] writing top-level names to ../../build/vision_processor/vision_processor.egg-info/top_level.txt
[0.925s] reading manifest file '../../build/vision_processor/vision_processor.egg-info/SOURCES.txt'
[0.927s] writing manifest file '../../build/vision_processor/vision_processor.egg-info/SOURCES.txt'
[0.927s] running build
[0.927s] running build_py
[0.927s] running install
[0.927s] running install_lib
[0.927s] creating /home/katzchen/Documents/Taller/6DOF-3D-Printed-Robotic-Arm-ROS-2-Computer-Vision-Integration/Vision_System/Vision_System_Computer/ros2_ws/install/vision_processor/lib/python3.10/site-packages/vision_processor
[0.928s] copying /home/katzchen/Documents/Taller/6DOF-3D-Printed-Robotic-Arm-ROS-2-Computer-Vision-Integration/Vision_System/Vision_System_Computer/ros2_ws/build/vision_processor/build/lib/vision_processor/__init__.py -> /home/katzchen/Documents/Taller/6DOF-3D-Printed-Robotic-Arm-ROS-2-Computer-Vision-Integration/Vision_System/Vision_System_Computer/ros2_ws/install/vision_processor/lib/python3.10/site-packages/vision_processor
[0.928s] copying /home/katzchen/Documents/Taller/6DOF-3D-Printed-Robotic-Arm-ROS-2-Computer-Vision-Integration/Vision_System/Vision_System_Computer/ros2_ws/build/vision_processor/build/lib/vision_processor/pubsub.py -> /home/katzchen/Documents/Taller/6DOF-3D-Printed-Robotic-Arm-ROS-2-Computer-Vision-Integration/Vision_System/Vision_System_Computer/ros2_ws/install/vision_processor/lib/python3.10/site-packages/vision_processor
[0.928s] byte-compiling /home/katzchen/Documents/Taller/6DOF-3D-Printed-Robotic-Arm-ROS-2-Computer-Vision-Integration/Vision_System/Vision_System_Computer/ros2_ws/install/vision_processor/lib/python3.10/site-packages/vision_processor/__init__.py to __init__.cpython-310.pyc
[0.928s] byte-compiling /home/katzchen/Documents/Taller/6DOF-3D-Printed-Robotic-Arm-ROS-2-Computer-Vision-Integration/Vision_System/Vision_System_Computer/ros2_ws/install/vision_processor/lib/python3.10/site-packages/vision_processor/pubsub.py to pubsub.cpython-310.pyc
[0.929s] running install_data
[0.929s] copying resource/vision_processor -> /home/katzchen/Documents/Taller/6DOF-3D-Printed-Robotic-Arm-ROS-2-Computer-Vision-Integration/Vision_System/Vision_System_Computer/ros2_ws/install/vision_processor/share/ament_index/resource_index/packages
[0.929s] copying package.xml -> /home/katzchen/Documents/Taller/6DOF-3D-Printed-Robotic-Arm-ROS-2-Computer-Vision-Integration/Vision_System/Vision_System_Computer/ros2_ws/install/vision_processor/share/vision_processor
[0.929s] copying vision_processor/calib_upside_data.npz -> /home/katzchen/Documents/Taller/6DOF-3D-Printed-Robotic-Arm-ROS-2-Computer-Vision-Integration/Vision_System/Vision_System_Computer/ros2_ws/install/vision_processor/lib/vision_processor
[0.930s] copying vision_processor/calib_side_data.npz -> /home/katzchen/Documents/Taller/6DOF-3D-Printed-Robotic-Arm-ROS-2-Computer-Vision-Integration/Vision_System/Vision_System_Computer/ros2_ws/install/vision_processor/lib/vision_processor
[0.930s] running install_egg_info
[0.931s] Copying ../../build/vision_processor/vision_processor.egg-info to /home/katzchen/Documents/Taller/6DOF-3D-Printed-Robotic-Arm-ROS-2-Computer-Vision-Integration/Vision_System/Vision_System_Computer/ros2_ws/install/vision_processor/lib/python3.10/site-packages/vision_processor-0.0.0-py3.10.egg-info
[0.932s] running install_scripts
[0.946s] Installing pubsub script to /home/katzchen/Documents/Taller/6DOF-3D-Printed-Robotic-Arm-ROS-2-Computer-Vision-Integration/Vision_System/Vision_System_Computer/ros2_ws/install/vision_processor/lib/vision_processor
[0.946s] writing list of installed files to '/home/katzchen/Documents/Taller/6DOF-3D-Printed-Robotic-Arm-ROS-2-Computer-Vision-Integration/Vision_System/Vision_System_Computer/ros2_ws/build/vision_processor/install.log'
[0.966s] Invoked command in '/home/katzchen/Documents/Taller/6DOF-3D-Printed-Robotic-Arm-ROS-2-Computer-Vision-Integration/Vision_System/Vision_System_Computer/ros2_ws/src/vision_processor' returned '0': CONDA_PROMPT_MODIFIER=(taller) PYTHONPATH=/home/katzchen/Documents/Taller/6DOF-3D-Printed-Robotic-Arm-ROS-2-Computer-Vision-Integration/Vision_System/Vision_System_Computer/ros2_ws/build/vision_processor/prefix_override:/usr/lib/python3/dist-packages/colcon_core/task/python/colcon_distutils_commands:/home/katzchen/Documents/Taller/6DOF-3D-Printed-Robotic-Arm-ROS-2-Computer-Vision-Integration/Vision_System/Vision_System_Computer/ros2_ws/install/vision_processor/lib/python3.10/site-packages:${PYTHONPATH} /usr/bin/python3 -W ignore:setup.py install is deprecated -W ignore:easy_install command is deprecated setup.py egg_info --egg-base ../../build/vision_processor build --build-base /home/katzchen/Documents/Taller/6DOF-3D-Printed-Robotic-Arm-ROS-2-Computer-Vision-Integration/Vision_System/Vision_System_Computer/ros2_ws/build/vision_processor/build install --record /home/katzchen/Documents/Taller/6DOF-3D-Printed-Robotic-Arm-ROS-2-Computer-Vision-Integration/Vision_System/Vision_System_Computer/ros2_ws/build/vision_processor/install.log --single-version-externally-managed install_data --force
