[0.703s] Invoking command in '/home/katzchen/Documents/Taller/6DOF-3D-Printed-Robotic-Arm-ROS-2-Computer-Vision-Integration/ROS2_System/ros2_ws/src/robotic_arm_control': PYTHONPATH=/home/katzchen/Documents/Taller/6DOF-3D-Printed-Robotic-Arm-ROS-2-Computer-Vision-Integration/ROS2_System/ros2_ws/build/robotic_arm_control/prefix_override:/usr/lib/python3/dist-packages/colcon_core/task/python/colcon_distutils_commands:/home/katzchen/Documents/Taller/6DOF-3D-Printed-Robotic-Arm-ROS-2-Computer-Vision-Integration/ROS2_System/ros2_ws/install/robotic_arm_control/lib/python3.10/site-packages:${PYTHONPATH} /usr/bin/python3 -W ignore:setup.py install is deprecated -W ignore:easy_install command is deprecated setup.py egg_info --egg-base ../../build/robotic_arm_control build --build-base /home/katzchen/Documents/Taller/6DOF-3D-Printed-Robotic-Arm-ROS-2-Computer-Vision-Integration/ROS2_System/ros2_ws/build/robotic_arm_control/build install --record /home/katzchen/Documents/Taller/6DOF-3D-Printed-Robotic-Arm-ROS-2-Computer-Vision-Integration/ROS2_System/ros2_ws/build/robotic_arm_control/install.log --single-version-externally-managed install_data
[0.962s] running egg_info
[0.963s] writing ../../build/robotic_arm_control/robotic_arm_control.egg-info/PKG-INFO
[0.963s] writing dependency_links to ../../build/robotic_arm_control/robotic_arm_control.egg-info/dependency_links.txt
[0.963s] writing entry points to ../../build/robotic_arm_control/robotic_arm_control.egg-info/entry_points.txt
[0.963s] writing requirements to ../../build/robotic_arm_control/robotic_arm_control.egg-info/requires.txt
[0.963s] writing top-level names to ../../build/robotic_arm_control/robotic_arm_control.egg-info/top_level.txt
[0.965s] reading manifest file '../../build/robotic_arm_control/robotic_arm_control.egg-info/SOURCES.txt'
[0.971s] writing manifest file '../../build/robotic_arm_control/robotic_arm_control.egg-info/SOURCES.txt'
[0.972s] running build
[0.972s] running build_py
[0.972s] copying robotic_arm_control/pubsub.py -> /home/katzchen/Documents/Taller/6DOF-3D-Printed-Robotic-Arm-ROS-2-Computer-Vision-Integration/ROS2_System/ros2_ws/build/robotic_arm_control/build/lib/robotic_arm_control
[0.972s] running install
[0.972s] running install_lib
[0.973s] copying /home/katzchen/Documents/Taller/6DOF-3D-Printed-Robotic-Arm-ROS-2-Computer-Vision-Integration/ROS2_System/ros2_ws/build/robotic_arm_control/build/lib/robotic_arm_control/pubsub.py -> /home/katzchen/Documents/Taller/6DOF-3D-Printed-Robotic-Arm-ROS-2-Computer-Vision-Integration/ROS2_System/ros2_ws/install/robotic_arm_control/lib/python3.10/site-packages/robotic_arm_control
[0.973s] copying /home/katzchen/Documents/Taller/6DOF-3D-Printed-Robotic-Arm-ROS-2-Computer-Vision-Integration/ROS2_System/ros2_ws/build/robotic_arm_control/build/lib/robotic_arm_control/sub.py -> /home/katzchen/Documents/Taller/6DOF-3D-Printed-Robotic-Arm-ROS-2-Computer-Vision-Integration/ROS2_System/ros2_ws/install/robotic_arm_control/lib/python3.10/site-packages/robotic_arm_control
[0.974s] byte-compiling /home/katzchen/Documents/Taller/6DOF-3D-Printed-Robotic-Arm-ROS-2-Computer-Vision-Integration/ROS2_System/ros2_ws/install/robotic_arm_control/lib/python3.10/site-packages/robotic_arm_control/pubsub.py to pubsub.cpython-310.pyc
[0.975s] byte-compiling /home/katzchen/Documents/Taller/6DOF-3D-Printed-Robotic-Arm-ROS-2-Computer-Vision-Integration/ROS2_System/ros2_ws/install/robotic_arm_control/lib/python3.10/site-packages/robotic_arm_control/sub.py to sub.cpython-310.pyc
[0.976s] running install_data
[0.976s] running install_egg_info
[0.978s] removing '/home/katzchen/Documents/Taller/6DOF-3D-Printed-Robotic-Arm-ROS-2-Computer-Vision-Integration/ROS2_System/ros2_ws/install/robotic_arm_control/lib/python3.10/site-packages/robotic_arm_control-0.0.0-py3.10.egg-info' (and everything under it)
[0.979s] Copying ../../build/robotic_arm_control/robotic_arm_control.egg-info to /home/katzchen/Documents/Taller/6DOF-3D-Printed-Robotic-Arm-ROS-2-Computer-Vision-Integration/ROS2_System/ros2_ws/install/robotic_arm_control/lib/python3.10/site-packages/robotic_arm_control-0.0.0-py3.10.egg-info
[0.980s] running install_scripts
[1.000s] Installing pubsub script to /home/katzchen/Documents/Taller/6DOF-3D-Printed-Robotic-Arm-ROS-2-Computer-Vision-Integration/ROS2_System/ros2_ws/install/robotic_arm_control/lib/robotic_arm_control
[1.000s] Installing sub script to /home/katzchen/Documents/Taller/6DOF-3D-Printed-Robotic-Arm-ROS-2-Computer-Vision-Integration/ROS2_System/ros2_ws/install/robotic_arm_control/lib/robotic_arm_control
[1.000s] writing list of installed files to '/home/katzchen/Documents/Taller/6DOF-3D-Printed-Robotic-Arm-ROS-2-Computer-Vision-Integration/ROS2_System/ros2_ws/build/robotic_arm_control/install.log'
[1.028s] Invoked command in '/home/katzchen/Documents/Taller/6DOF-3D-Printed-Robotic-Arm-ROS-2-Computer-Vision-Integration/ROS2_System/ros2_ws/src/robotic_arm_control' returned '0': PYTHONPATH=/home/katzchen/Documents/Taller/6DOF-3D-Printed-Robotic-Arm-ROS-2-Computer-Vision-Integration/ROS2_System/ros2_ws/build/robotic_arm_control/prefix_override:/usr/lib/python3/dist-packages/colcon_core/task/python/colcon_distutils_commands:/home/katzchen/Documents/Taller/6DOF-3D-Printed-Robotic-Arm-ROS-2-Computer-Vision-Integration/ROS2_System/ros2_ws/install/robotic_arm_control/lib/python3.10/site-packages:${PYTHONPATH} /usr/bin/python3 -W ignore:setup.py install is deprecated -W ignore:easy_install command is deprecated setup.py egg_info --egg-base ../../build/robotic_arm_control build --build-base /home/katzchen/Documents/Taller/6DOF-3D-Printed-Robotic-Arm-ROS-2-Computer-Vision-Integration/ROS2_System/ros2_ws/build/robotic_arm_control/build install --record /home/katzchen/Documents/Taller/6DOF-3D-Printed-Robotic-Arm-ROS-2-Computer-Vision-Integration/ROS2_System/ros2_ws/build/robotic_arm_control/install.log --single-version-externally-managed install_data
