[0.420s] Invoking command in '/home/katzchen/Documents/Taller/6DOF-3D-Printed-Robotic-Arm-ROS-2-Computer-Vision-Integration/Vision_System/Vision_System_Computer/ros2_ws/build/vision_processor': CONDA_PROMPT_MODIFIER=(taller) PYTHONPATH=/home/katzchen/Documents/Taller/6DOF-3D-Printed-Robotic-Arm-ROS-2-Computer-Vision-Integration/Vision_System/Vision_System_Computer/ros2_ws/build/vision_processor/prefix_override:/usr/lib/python3/dist-packages/colcon_core/task/python/colcon_distutils_commands:/home/katzchen/Documents/Taller/6DOF-3D-Printed-Robotic-Arm-ROS-2-Computer-Vision-Integration/Vision_System/Vision_System_Computer/ros2_ws/install/vision_processor/lib/python3.10/site-packages:${PYTHONPATH} /usr/bin/python3 -W ignore:setup.py install is deprecated -W ignore:easy_install command is deprecated setup.py develop --editable --build-directory /home/katzchen/Documents/Taller/6DOF-3D-Printed-Robotic-Arm-ROS-2-Computer-Vision-Integration/Vision_System/Vision_System_Computer/ros2_ws/build/vision_processor/build --no-deps symlink_data --force
[0.608s] running develop
[0.721s] running egg_info
[0.721s] writing vision_processor.egg-info/PKG-INFO
[0.722s] writing dependency_links to vision_processor.egg-info/dependency_links.txt
[0.722s] writing entry points to vision_processor.egg-info/entry_points.txt
[0.722s] writing requirements to vision_processor.egg-info/requires.txt
[0.722s] writing top-level names to vision_processor.egg-info/top_level.txt
[0.723s] reading manifest file 'vision_processor.egg-info/SOURCES.txt'
[0.724s] writing manifest file 'vision_processor.egg-info/SOURCES.txt'
[0.725s] running build_ext
[0.725s] Creating /home/katzchen/Documents/Taller/6DOF-3D-Printed-Robotic-Arm-ROS-2-Computer-Vision-Integration/Vision_System/Vision_System_Computer/ros2_ws/install/vision_processor/lib/python3.10/site-packages/vision-processor.egg-link (link to .)
[0.725s] Installing pubsub script to /home/katzchen/Documents/Taller/6DOF-3D-Printed-Robotic-Arm-ROS-2-Computer-Vision-Integration/Vision_System/Vision_System_Computer/ros2_ws/install/vision_processor/lib/vision_processor
[0.726s] 
[0.726s] Installed /home/katzchen/Documents/Taller/6DOF-3D-Printed-Robotic-Arm-ROS-2-Computer-Vision-Integration/Vision_System/Vision_System_Computer/ros2_ws/build/vision_processor
[0.726s] running symlink_data
[0.726s] symbolically linking /home/katzchen/Documents/Taller/6DOF-3D-Printed-Robotic-Arm-ROS-2-Computer-Vision-Integration/Vision_System/Vision_System_Computer/ros2_ws/build/vision_processor/resource/vision_processor -> /home/katzchen/Documents/Taller/6DOF-3D-Printed-Robotic-Arm-ROS-2-Computer-Vision-Integration/Vision_System/Vision_System_Computer/ros2_ws/install/vision_processor/share/ament_index/resource_index/packages
[0.726s] symbolically linking /home/katzchen/Documents/Taller/6DOF-3D-Printed-Robotic-Arm-ROS-2-Computer-Vision-Integration/Vision_System/Vision_System_Computer/ros2_ws/build/vision_processor/package.xml -> /home/katzchen/Documents/Taller/6DOF-3D-Printed-Robotic-Arm-ROS-2-Computer-Vision-Integration/Vision_System/Vision_System_Computer/ros2_ws/install/vision_processor/share/vision_processor
[0.726s] symbolically linking /home/katzchen/Documents/Taller/6DOF-3D-Printed-Robotic-Arm-ROS-2-Computer-Vision-Integration/Vision_System/Vision_System_Computer/ros2_ws/build/vision_processor/vision_processor/calib_upside_data.npz -> /home/katzchen/Documents/Taller/6DOF-3D-Printed-Robotic-Arm-ROS-2-Computer-Vision-Integration/Vision_System/Vision_System_Computer/ros2_ws/install/vision_processor/lib/vision_processor
[0.726s] symbolically linking /home/katzchen/Documents/Taller/6DOF-3D-Printed-Robotic-Arm-ROS-2-Computer-Vision-Integration/Vision_System/Vision_System_Computer/ros2_ws/build/vision_processor/vision_processor/calib_side_data.npz -> /home/katzchen/Documents/Taller/6DOF-3D-Printed-Robotic-Arm-ROS-2-Computer-Vision-Integration/Vision_System/Vision_System_Computer/ros2_ws/install/vision_processor/lib/vision_processor
[0.752s] Invoked command in '/home/katzchen/Documents/Taller/6DOF-3D-Printed-Robotic-Arm-ROS-2-Computer-Vision-Integration/Vision_System/Vision_System_Computer/ros2_ws/build/vision_processor' returned '0': CONDA_PROMPT_MODIFIER=(taller) PYTHONPATH=/home/katzchen/Documents/Taller/6DOF-3D-Printed-Robotic-Arm-ROS-2-Computer-Vision-Integration/Vision_System/Vision_System_Computer/ros2_ws/build/vision_processor/prefix_override:/usr/lib/python3/dist-packages/colcon_core/task/python/colcon_distutils_commands:/home/katzchen/Documents/Taller/6DOF-3D-Printed-Robotic-Arm-ROS-2-Computer-Vision-Integration/Vision_System/Vision_System_Computer/ros2_ws/install/vision_processor/lib/python3.10/site-packages:${PYTHONPATH} /usr/bin/python3 -W ignore:setup.py install is deprecated -W ignore:easy_install command is deprecated setup.py develop --editable --build-directory /home/katzchen/Documents/Taller/6DOF-3D-Printed-Robotic-Arm-ROS-2-Computer-Vision-Integration/Vision_System/Vision_System_Computer/ros2_ws/build/vision_processor/build --no-deps symlink_data --force
