[1.501s] Invoking command in '/home/katzchen/Documents/Taller/6DOF-3D-Printed-Robotic-Arm-ROS-2-Computer-Vision-Integration/Vision_System/Vision_System_Computer/ros2_ws/src/vision_processor': CONDA_PROMPT_MODIFIER=(taller) PYTHONPATH=/home/katzchen/Documents/Taller/6DOF-3D-Printed-Robotic-Arm-ROS-2-Computer-Vision-Integration/Vision_System/Vision_System_Computer/ros2_ws/build/vision_processor/prefix_override:/usr/lib/python3/dist-packages/colcon_core/task/python/colcon_distutils_commands:/home/katzchen/Documents/Taller/6DOF-3D-Printed-Robotic-Arm-ROS-2-Computer-Vision-Integration/Vision_System/Vision_System_Computer/ros2_ws/install/vision_processor/lib/python3.10/site-packages:${PYTHONPATH} /usr/bin/python3 -W ignore:setup.py install is deprecated -W ignore:easy_install command is deprecated setup.py egg_info --egg-base ../../build/vision_processor build --build-base /home/katzchen/Documents/Taller/6DOF-3D-Printed-Robotic-Arm-ROS-2-Computer-Vision-Integration/Vision_System/Vision_System_Computer/ros2_ws/build/vision_processor/build install --record /home/katzchen/Documents/Taller/6DOF-3D-Printed-Robotic-Arm-ROS-2-Computer-Vision-Integration/Vision_System/Vision_System_Computer/ros2_ws/build/vision_processor/install.log --single-version-externally-managed install_data
[2.116s] running egg_info
[2.159s] writing ../../build/vision_processor/vision_processor.egg-info/PKG-INFO
[2.160s] writing dependency_links to ../../build/vision_processor/vision_processor.egg-info/dependency_links.txt
[2.161s] writing entry points to ../../build/vision_processor/vision_processor.egg-info/entry_points.txt
[2.162s] writing requirements to ../../build/vision_processor/vision_processor.egg-info/requires.txt
[2.162s] writing top-level names to ../../build/vision_processor/vision_processor.egg-info/top_level.txt
[2.246s] reading manifest file '../../build/vision_processor/vision_processor.egg-info/SOURCES.txt'
[2.250s] writing manifest file '../../build/vision_processor/vision_processor.egg-info/SOURCES.txt'
[2.251s] running build
[2.251s] running build_py
[2.251s] copying vision_processor/__init__.py -> /home/katzchen/Documents/Taller/6DOF-3D-Printed-Robotic-Arm-ROS-2-Computer-Vision-Integration/Vision_System/Vision_System_Computer/ros2_ws/build/vision_processor/build/lib/vision_processor
[2.252s] copying vision_processor/pubsub.py -> /home/katzchen/Documents/Taller/6DOF-3D-Printed-Robotic-Arm-ROS-2-Computer-Vision-Integration/Vision_System/Vision_System_Computer/ros2_ws/build/vision_processor/build/lib/vision_processor
[2.253s] running install
[2.262s] running install_lib
[2.302s] copying /home/katzchen/Documents/Taller/6DOF-3D-Printed-Robotic-Arm-ROS-2-Computer-Vision-Integration/Vision_System/Vision_System_Computer/ros2_ws/build/vision_processor/build/lib/vision_processor/pubsub.py -> /home/katzchen/Documents/Taller/6DOF-3D-Printed-Robotic-Arm-ROS-2-Computer-Vision-Integration/Vision_System/Vision_System_Computer/ros2_ws/install/vision_processor/lib/python3.10/site-packages/vision_processor
[2.303s] byte-compiling /home/katzchen/Documents/Taller/6DOF-3D-Printed-Robotic-Arm-ROS-2-Computer-Vision-Integration/Vision_System/Vision_System_Computer/ros2_ws/install/vision_processor/lib/python3.10/site-packages/vision_processor/pubsub.py to pubsub.cpython-310.pyc
[2.309s] running install_data
[2.310s] copying resource/vision_processor -> /home/katzchen/Documents/Taller/6DOF-3D-Printed-Robotic-Arm-ROS-2-Computer-Vision-Integration/Vision_System/Vision_System_Computer/ros2_ws/install/vision_processor/share/ament_index/resource_index/packages
[2.310s] copying package.xml -> /home/katzchen/Documents/Taller/6DOF-3D-Printed-Robotic-Arm-ROS-2-Computer-Vision-Integration/Vision_System/Vision_System_Computer/ros2_ws/install/vision_processor/share/vision_processor
[2.311s] copying vision_processor/calib_upside_data.npz -> /home/katzchen/Documents/Taller/6DOF-3D-Printed-Robotic-Arm-ROS-2-Computer-Vision-Integration/Vision_System/Vision_System_Computer/ros2_ws/install/vision_processor/lib/vision_processor
[2.312s] copying vision_processor/calib_side_data.npz -> /home/katzchen/Documents/Taller/6DOF-3D-Printed-Robotic-Arm-ROS-2-Computer-Vision-Integration/Vision_System/Vision_System_Computer/ros2_ws/install/vision_processor/lib/vision_processor
[2.312s] running install_egg_info
[2.356s] removing '/home/katzchen/Documents/Taller/6DOF-3D-Printed-Robotic-Arm-ROS-2-Computer-Vision-Integration/Vision_System/Vision_System_Computer/ros2_ws/install/vision_processor/lib/python3.10/site-packages/vision_processor-0.0.0-py3.10.egg-info' (and everything under it)
[2.357s] Copying ../../build/vision_processor/vision_processor.egg-info to /home/katzchen/Documents/Taller/6DOF-3D-Printed-Robotic-Arm-ROS-2-Computer-Vision-Integration/Vision_System/Vision_System_Computer/ros2_ws/install/vision_processor/lib/python3.10/site-packages/vision_processor-0.0.0-py3.10.egg-info
[2.359s] running install_scripts
[2.443s] Installing pubsub script to /home/katzchen/Documents/Taller/6DOF-3D-Printed-Robotic-Arm-ROS-2-Computer-Vision-Integration/Vision_System/Vision_System_Computer/ros2_ws/install/vision_processor/lib/vision_processor
[2.444s] writing list of installed files to '/home/katzchen/Documents/Taller/6DOF-3D-Printed-Robotic-Arm-ROS-2-Computer-Vision-Integration/Vision_System/Vision_System_Computer/ros2_ws/build/vision_processor/install.log'
[2.494s] Invoked command in '/home/katzchen/Documents/Taller/6DOF-3D-Printed-Robotic-Arm-ROS-2-Computer-Vision-Integration/Vision_System/Vision_System_Computer/ros2_ws/src/vision_processor' returned '0': CONDA_PROMPT_MODIFIER=(taller) PYTHONPATH=/home/katzchen/Documents/Taller/6DOF-3D-Printed-Robotic-Arm-ROS-2-Computer-Vision-Integration/Vision_System/Vision_System_Computer/ros2_ws/build/vision_processor/prefix_override:/usr/lib/python3/dist-packages/colcon_core/task/python/colcon_distutils_commands:/home/katzchen/Documents/Taller/6DOF-3D-Printed-Robotic-Arm-ROS-2-Computer-Vision-Integration/Vision_System/Vision_System_Computer/ros2_ws/install/vision_processor/lib/python3.10/site-packages:${PYTHONPATH} /usr/bin/python3 -W ignore:setup.py install is deprecated -W ignore:easy_install command is deprecated setup.py egg_info --egg-base ../../build/vision_processor build --build-base /home/katzchen/Documents/Taller/6DOF-3D-Printed-Robotic-Arm-ROS-2-Computer-Vision-Integration/Vision_System/Vision_System_Computer/ros2_ws/build/vision_processor/build install --record /home/katzchen/Documents/Taller/6DOF-3D-Printed-Robotic-Arm-ROS-2-Computer-Vision-Integration/Vision_System/Vision_System_Computer/ros2_ws/build/vision_processor/install.log --single-version-externally-managed install_data
