[0.701s] Invoking command in '/home/katzchen/Documents/Taller/6DOF-3D-Printed-Robotic-Arm-ROS-2-Computer-Vision-Integration/ROS2_System/ros2_ws/src/robotic_arm_control': CONDA_PROMPT_MODIFIER=(taller) PYTHONPATH=/home/katzchen/Documents/Taller/6DOF-3D-Printed-Robotic-Arm-ROS-2-Computer-Vision-Integration/ROS2_System/ros2_ws/build/robotic_arm_control/prefix_override:/usr/lib/python3/dist-packages/colcon_core/task/python/colcon_distutils_commands:/home/katzchen/Documents/Taller/6DOF-3D-Printed-Robotic-Arm-ROS-2-Computer-Vision-Integration/ROS2_System/ros2_ws/install/robotic_arm_control/lib/python3.10/site-packages:${PYTHONPATH} /usr/bin/python3 -W ignore:setup.py install is deprecated -W ignore:easy_install command is deprecated setup.py egg_info --egg-base ../../build/robotic_arm_control build --build-base /home/katzchen/Documents/Taller/6DOF-3D-Printed-Robotic-Arm-ROS-2-Computer-Vision-Integration/ROS2_System/ros2_ws/build/robotic_arm_control/build install --record /home/katzchen/Documents/Taller/6DOF-3D-Printed-Robotic-Arm-ROS-2-Computer-Vision-Integration/ROS2_System/ros2_ws/build/robotic_arm_control/install.log --single-version-externally-managed install_data
[0.984s] running egg_info
[1.003s] writing ../../build/robotic_arm_control/robotic_arm_control.egg-info/PKG-INFO
[1.003s] writing dependency_links to ../../build/robotic_arm_control/robotic_arm_control.egg-info/dependency_links.txt
[1.003s] writing entry points to ../../build/robotic_arm_control/robotic_arm_control.egg-info/entry_points.txt
[1.004s] writing requirements to ../../build/robotic_arm_control/robotic_arm_control.egg-info/requires.txt
[1.004s] writing top-level names to ../../build/robotic_arm_control/robotic_arm_control.egg-info/top_level.txt
[1.045s] reading manifest file '../../build/robotic_arm_control/robotic_arm_control.egg-info/SOURCES.txt'
[1.046s] writing manifest file '../../build/robotic_arm_control/robotic_arm_control.egg-info/SOURCES.txt'
[1.046s] running build
[1.047s] running build_py
[1.047s] copying robotic_arm_control/__init__.py -> /home/katzchen/Documents/Taller/6DOF-3D-Printed-Robotic-Arm-ROS-2-Computer-Vision-Integration/ROS2_System/ros2_ws/build/robotic_arm_control/build/lib/robotic_arm_control
[1.047s] copying robotic_arm_control/pubsub.py -> /home/katzchen/Documents/Taller/6DOF-3D-Printed-Robotic-Arm-ROS-2-Computer-Vision-Integration/ROS2_System/ros2_ws/build/robotic_arm_control/build/lib/robotic_arm_control
[1.047s] copying robotic_arm_control/sub.py -> /home/katzchen/Documents/Taller/6DOF-3D-Printed-Robotic-Arm-ROS-2-Computer-Vision-Integration/ROS2_System/ros2_ws/build/robotic_arm_control/build/lib/robotic_arm_control
[1.048s] running install
[1.052s] running install_lib
[1.071s] running install_data
[1.071s] copying resource/robotic_arm_control -> /home/katzchen/Documents/Taller/6DOF-3D-Printed-Robotic-Arm-ROS-2-Computer-Vision-Integration/ROS2_System/ros2_ws/install/robotic_arm_control/share/ament_index/resource_index/packages
[1.072s] copying package.xml -> /home/katzchen/Documents/Taller/6DOF-3D-Printed-Robotic-Arm-ROS-2-Computer-Vision-Integration/ROS2_System/ros2_ws/install/robotic_arm_control/share/robotic_arm_control
[1.072s] running install_egg_info
[1.091s] removing '/home/katzchen/Documents/Taller/6DOF-3D-Printed-Robotic-Arm-ROS-2-Computer-Vision-Integration/ROS2_System/ros2_ws/install/robotic_arm_control/lib/python3.10/site-packages/robotic_arm_control-0.0.0-py3.10.egg-info' (and everything under it)
[1.091s] Copying ../../build/robotic_arm_control/robotic_arm_control.egg-info to /home/katzchen/Documents/Taller/6DOF-3D-Printed-Robotic-Arm-ROS-2-Computer-Vision-Integration/ROS2_System/ros2_ws/install/robotic_arm_control/lib/python3.10/site-packages/robotic_arm_control-0.0.0-py3.10.egg-info
[1.092s] running install_scripts
[1.133s] Installing pubsub script to /home/katzchen/Documents/Taller/6DOF-3D-Printed-Robotic-Arm-ROS-2-Computer-Vision-Integration/ROS2_System/ros2_ws/install/robotic_arm_control/lib/robotic_arm_control
[1.134s] Installing sub script to /home/katzchen/Documents/Taller/6DOF-3D-Printed-Robotic-Arm-ROS-2-Computer-Vision-Integration/ROS2_System/ros2_ws/install/robotic_arm_control/lib/robotic_arm_control
[1.134s] writing list of installed files to '/home/katzchen/Documents/Taller/6DOF-3D-Printed-Robotic-Arm-ROS-2-Computer-Vision-Integration/ROS2_System/ros2_ws/build/robotic_arm_control/install.log'
[1.158s] Invoked command in '/home/katzchen/Documents/Taller/6DOF-3D-Printed-Robotic-Arm-ROS-2-Computer-Vision-Integration/ROS2_System/ros2_ws/src/robotic_arm_control' returned '0': CONDA_PROMPT_MODIFIER=(taller) PYTHONPATH=/home/katzchen/Documents/Taller/6DOF-3D-Printed-Robotic-Arm-ROS-2-Computer-Vision-Integration/ROS2_System/ros2_ws/build/robotic_arm_control/prefix_override:/usr/lib/python3/dist-packages/colcon_core/task/python/colcon_distutils_commands:/home/katzchen/Documents/Taller/6DOF-3D-Printed-Robotic-Arm-ROS-2-Computer-Vision-Integration/ROS2_System/ros2_ws/install/robotic_arm_control/lib/python3.10/site-packages:${PYTHONPATH} /usr/bin/python3 -W ignore:setup.py install is deprecated -W ignore:easy_install command is deprecated setup.py egg_info --egg-base ../../build/robotic_arm_control build --build-base /home/katzchen/Documents/Taller/6DOF-3D-Printed-Robotic-Arm-ROS-2-Computer-Vision-Integration/ROS2_System/ros2_ws/build/robotic_arm_control/build install --record /home/katzchen/Documents/Taller/6DOF-3D-Printed-Robotic-Arm-ROS-2-Computer-Vision-Integration/ROS2_System/ros2_ws/build/robotic_arm_control/install.log --single-version-externally-managed install_data
