[0.598s] Invoking command in '/ros2_ws/src/v_system': PYTHONPATH=/ros2_ws/build/v_system/prefix_override:/usr/lib/python3/dist-packages/colcon_core/task/python/colcon_distutils_commands:/ros2_ws/install/v_system/lib/python3.10/site-packages: /usr/bin/python3 -W ignore:setup.py install is deprecated -W ignore:easy_install command is deprecated setup.py egg_info --egg-base ../../build/v_system build --build-base /ros2_ws/build/v_system/build install --record /ros2_ws/build/v_system/install.log --single-version-externally-managed install_data
[0.766s] running egg_info
[0.766s] writing ../../build/v_system/v_system.egg-info/PKG-INFO
[0.767s] writing dependency_links to ../../build/v_system/v_system.egg-info/dependency_links.txt
[0.768s] writing entry points to ../../build/v_system/v_system.egg-info/entry_points.txt
[0.769s] writing requirements to ../../build/v_system/v_system.egg-info/requires.txt
[0.771s] writing top-level names to ../../build/v_system/v_system.egg-info/top_level.txt
[0.774s] reading manifest file '../../build/v_system/v_system.egg-info/SOURCES.txt'
[0.775s] writing manifest file '../../build/v_system/v_system.egg-info/SOURCES.txt'
[0.776s] running build
[0.776s] running build_py
[0.776s] running install
[0.776s] running install_lib
[0.778s] running install_data
[0.778s] running install_egg_info
[0.780s] removing '/ros2_ws/install/v_system/lib/python3.10/site-packages/v_system-0.0.0-py3.10.egg-info' (and everything under it)
[0.781s] Copying ../../build/v_system/v_system.egg-info to /ros2_ws/install/v_system/lib/python3.10/site-packages/v_system-0.0.0-py3.10.egg-info
[0.782s] running install_scripts
[0.807s] Installing pubside script to /ros2_ws/install/v_system/lib/v_system
[0.807s] Installing pubsup script to /ros2_ws/install/v_system/lib/v_system
[0.809s] writing list of installed files to '/ros2_ws/build/v_system/install.log'
[0.858s] Invoked command in '/ros2_ws/src/v_system' returned '0': PYTHONPATH=/ros2_ws/build/v_system/prefix_override:/usr/lib/python3/dist-packages/colcon_core/task/python/colcon_distutils_commands:/ros2_ws/install/v_system/lib/python3.10/site-packages: /usr/bin/python3 -W ignore:setup.py install is deprecated -W ignore:easy_install command is deprecated setup.py egg_info --egg-base ../../build/v_system build --build-base /ros2_ws/build/v_system/build install --record /ros2_ws/build/v_system/install.log --single-version-externally-managed install_data
