[0.660s] Invoking command in '/home/katzchen/Documents/Taller/6DOF-3D-Printed-Robotic-Arm-ROS-2-Computer-Vision-Integration/Vision_System/Vision_System_Computer/ros2_ws/src/vision_processor': CONDA_PROMPT_MODIFIER=(taller) PYTHONPATH=/home/katzchen/Documents/Taller/6DOF-3D-Printed-Robotic-Arm-ROS-2-Computer-Vision-Integration/Vision_System/Vision_System_Computer/ros2_ws/build/vision_processor/prefix_override:/usr/lib/python3/dist-packages/colcon_core/task/python/colcon_distutils_commands:/home/katzchen/Documents/Taller/6DOF-3D-Printed-Robotic-Arm-ROS-2-Computer-Vision-Integration/Vision_System/Vision_System_Computer/ros2_ws/install/vision_processor/lib/python3.10/site-packages:${PYTHONPATH} /usr/bin/python3 -W ignore:setup.py install is deprecated -W ignore:easy_install command is deprecated setup.py egg_info --egg-base ../../build/vision_processor build --build-base /home/katzchen/Documents/Taller/6DOF-3D-Printed-Robotic-Arm-ROS-2-Computer-Vision-Integration/Vision_System/Vision_System_Computer/ros2_ws/build/vision_processor/build install --record /home/katzchen/Documents/Taller/6DOF-3D-Printed-Robotic-Arm-ROS-2-Computer-Vision-Integration/Vision_System/Vision_System_Computer/ros2_ws/build/vision_processor/install.log --single-version-externally-managed install_data
[0.928s] running egg_info
[0.945s] writing ../../build/vision_processor/vision_processor.egg-info/PKG-INFO
[0.946s] writing dependency_links to ../../build/vision_processor/vision_processor.egg-info/dependency_links.txt
[0.946s] writing entry points to ../../build/vision_processor/vision_processor.egg-info/entry_points.txt
[0.946s] writing requirements to ../../build/vision_processor/vision_processor.egg-info/requires.txt
[0.946s] writing top-level names to ../../build/vision_processor/vision_processor.egg-info/top_level.txt
[0.982s] reading manifest file '../../build/vision_processor/vision_processor.egg-info/SOURCES.txt'
[0.984s] writing manifest file '../../build/vision_processor/vision_processor.egg-info/SOURCES.txt'
[0.984s] running build
[0.984s] running build_py
[0.984s] copying vision_processor/pubside.py -> /home/katzchen/Documents/Taller/6DOF-3D-Printed-Robotic-Arm-ROS-2-Computer-Vision-Integration/Vision_System/Vision_System_Computer/ros2_ws/build/vision_processor/build/lib/vision_processor
[0.985s] copying vision_processor/pubsup.py -> /home/katzchen/Documents/Taller/6DOF-3D-Printed-Robotic-Arm-ROS-2-Computer-Vision-Integration/Vision_System/Vision_System_Computer/ros2_ws/build/vision_processor/build/lib/vision_processor
[0.985s] copying vision_processor/__init__.py -> /home/katzchen/Documents/Taller/6DOF-3D-Printed-Robotic-Arm-ROS-2-Computer-Vision-Integration/Vision_System/Vision_System_Computer/ros2_ws/build/vision_processor/build/lib/vision_processor
[0.985s] copying vision_processor/pubsub.py -> /home/katzchen/Documents/Taller/6DOF-3D-Printed-Robotic-Arm-ROS-2-Computer-Vision-Integration/Vision_System/Vision_System_Computer/ros2_ws/build/vision_processor/build/lib/vision_processor
[0.985s] copying vision_processor/sub.py -> /home/katzchen/Documents/Taller/6DOF-3D-Printed-Robotic-Arm-ROS-2-Computer-Vision-Integration/Vision_System/Vision_System_Computer/ros2_ws/build/vision_processor/build/lib/vision_processor
[0.986s] running install
[0.990s] running install_lib
[1.009s] running install_data
[1.009s] copying resource/vision_processor -> /home/katzchen/Documents/Taller/6DOF-3D-Printed-Robotic-Arm-ROS-2-Computer-Vision-Integration/Vision_System/Vision_System_Computer/ros2_ws/install/vision_processor/share/ament_index/resource_index/packages
[1.009s] copying package.xml -> /home/katzchen/Documents/Taller/6DOF-3D-Printed-Robotic-Arm-ROS-2-Computer-Vision-Integration/Vision_System/Vision_System_Computer/ros2_ws/install/vision_processor/share/vision_processor
[1.010s] copying vision_processor/calib_upside_data.npz -> /home/katzchen/Documents/Taller/6DOF-3D-Printed-Robotic-Arm-ROS-2-Computer-Vision-Integration/Vision_System/Vision_System_Computer/ros2_ws/install/vision_processor/lib/vision_processor
[1.010s] copying vision_processor/calib_side_data.npz -> /home/katzchen/Documents/Taller/6DOF-3D-Printed-Robotic-Arm-ROS-2-Computer-Vision-Integration/Vision_System/Vision_System_Computer/ros2_ws/install/vision_processor/lib/vision_processor
[1.010s] running install_egg_info
[1.033s] removing '/home/katzchen/Documents/Taller/6DOF-3D-Printed-Robotic-Arm-ROS-2-Computer-Vision-Integration/Vision_System/Vision_System_Computer/ros2_ws/install/vision_processor/lib/python3.10/site-packages/vision_processor-0.0.0-py3.10.egg-info' (and everything under it)
[1.034s] Copying ../../build/vision_processor/vision_processor.egg-info to /home/katzchen/Documents/Taller/6DOF-3D-Printed-Robotic-Arm-ROS-2-Computer-Vision-Integration/Vision_System/Vision_System_Computer/ros2_ws/install/vision_processor/lib/python3.10/site-packages/vision_processor-0.0.0-py3.10.egg-info
[1.035s] running install_scripts
[1.071s] Installing pubside script to /home/katzchen/Documents/Taller/6DOF-3D-Printed-Robotic-Arm-ROS-2-Computer-Vision-Integration/Vision_System/Vision_System_Computer/ros2_ws/install/vision_processor/lib/vision_processor
[1.071s] Installing pubsub script to /home/katzchen/Documents/Taller/6DOF-3D-Printed-Robotic-Arm-ROS-2-Computer-Vision-Integration/Vision_System/Vision_System_Computer/ros2_ws/install/vision_processor/lib/vision_processor
[1.071s] Installing pubsup script to /home/katzchen/Documents/Taller/6DOF-3D-Printed-Robotic-Arm-ROS-2-Computer-Vision-Integration/Vision_System/Vision_System_Computer/ros2_ws/install/vision_processor/lib/vision_processor
[1.071s] Installing sub script to /home/katzchen/Documents/Taller/6DOF-3D-Printed-Robotic-Arm-ROS-2-Computer-Vision-Integration/Vision_System/Vision_System_Computer/ros2_ws/install/vision_processor/lib/vision_processor
[1.072s] writing list of installed files to '/home/katzchen/Documents/Taller/6DOF-3D-Printed-Robotic-Arm-ROS-2-Computer-Vision-Integration/Vision_System/Vision_System_Computer/ros2_ws/build/vision_processor/install.log'
[1.099s] Invoked command in '/home/katzchen/Documents/Taller/6DOF-3D-Printed-Robotic-Arm-ROS-2-Computer-Vision-Integration/Vision_System/Vision_System_Computer/ros2_ws/src/vision_processor' returned '0': CONDA_PROMPT_MODIFIER=(taller) PYTHONPATH=/home/katzchen/Documents/Taller/6DOF-3D-Printed-Robotic-Arm-ROS-2-Computer-Vision-Integration/Vision_System/Vision_System_Computer/ros2_ws/build/vision_processor/prefix_override:/usr/lib/python3/dist-packages/colcon_core/task/python/colcon_distutils_commands:/home/katzchen/Documents/Taller/6DOF-3D-Printed-Robotic-Arm-ROS-2-Computer-Vision-Integration/Vision_System/Vision_System_Computer/ros2_ws/install/vision_processor/lib/python3.10/site-packages:${PYTHONPATH} /usr/bin/python3 -W ignore:setup.py install is deprecated -W ignore:easy_install command is deprecated setup.py egg_info --egg-base ../../build/vision_processor build --build-base /home/katzchen/Documents/Taller/6DOF-3D-Printed-Robotic-Arm-ROS-2-Computer-Vision-Integration/Vision_System/Vision_System_Computer/ros2_ws/build/vision_processor/build install --record /home/katzchen/Documents/Taller/6DOF-3D-Printed-Robotic-Arm-ROS-2-Computer-Vision-Integration/Vision_System/Vision_System_Computer/ros2_ws/build/vision_processor/install.log --single-version-externally-managed install_data
