[0.773s] Invoking command in '/home/katzchen/Documents/Taller/6DOF-3D-Printed-Robotic-Arm-ROS-2-Computer-Vision-Integration/ROS2_System/ros2_ws/src/robotic_arm_control': CONDA_PROMPT_MODIFIER=(taller) PYTHONPATH=/home/katzchen/Documents/Taller/6DOF-3D-Printed-Robotic-Arm-ROS-2-Computer-Vision-Integration/ROS2_System/ros2_ws/build/robotic_arm_control/prefix_override:/usr/lib/python3/dist-packages/colcon_core/task/python/colcon_distutils_commands:/home/katzchen/Documents/Taller/6DOF-3D-Printed-Robotic-Arm-ROS-2-Computer-Vision-Integration/ROS2_System/ros2_ws/install/robotic_arm_control/lib/python3.10/site-packages:${PYTHONPATH} /usr/bin/python3 -W ignore:setup.py install is deprecated -W ignore:easy_install command is deprecated setup.py egg_info --egg-base ../../build/robotic_arm_control build --build-base /home/katzchen/Documents/Taller/6DOF-3D-Printed-Robotic-Arm-ROS-2-Computer-Vision-Integration/ROS2_System/ros2_ws/build/robotic_arm_control/build install --record /home/katzchen/Documents/Taller/6DOF-3D-Printed-Robotic-Arm-ROS-2-Computer-Vision-Integration/ROS2_System/ros2_ws/build/robotic_arm_control/install.log --single-version-externally-managed install_data
[1.062s] running egg_info
[1.082s] writing ../../build/robotic_arm_control/robotic_arm_control.egg-info/PKG-INFO
[1.082s] writing dependency_links to ../../build/robotic_arm_control/robotic_arm_control.egg-info/dependency_links.txt
[1.082s] writing entry points to ../../build/robotic_arm_control/robotic_arm_control.egg-info/entry_points.txt
[1.083s] writing requirements to ../../build/robotic_arm_control/robotic_arm_control.egg-info/requires.txt
[1.083s] writing top-level names to ../../build/robotic_arm_control/robotic_arm_control.egg-info/top_level.txt
[1.126s] reading manifest file '../../build/robotic_arm_control/robotic_arm_control.egg-info/SOURCES.txt'
[1.127s] writing manifest file '../../build/robotic_arm_control/robotic_arm_control.egg-info/SOURCES.txt'
[1.127s] running build
[1.127s] running build_py
[1.128s] copying robotic_arm_control/__init__.py -> /home/katzchen/Documents/Taller/6DOF-3D-Printed-Robotic-Arm-ROS-2-Computer-Vision-Integration/ROS2_System/ros2_ws/build/robotic_arm_control/build/lib/robotic_arm_control
[1.128s] copying robotic_arm_control/pubsub.py -> /home/katzchen/Documents/Taller/6DOF-3D-Printed-Robotic-Arm-ROS-2-Computer-Vision-Integration/ROS2_System/ros2_ws/build/robotic_arm_control/build/lib/robotic_arm_control
[1.129s] copying robotic_arm_control/sub.py -> /home/katzchen/Documents/Taller/6DOF-3D-Printed-Robotic-Arm-ROS-2-Computer-Vision-Integration/ROS2_System/ros2_ws/build/robotic_arm_control/build/lib/robotic_arm_control
[1.129s] running install
[1.134s] running install_lib
[1.153s] copying /home/katzchen/Documents/Taller/6DOF-3D-Printed-Robotic-Arm-ROS-2-Computer-Vision-Integration/ROS2_System/ros2_ws/build/robotic_arm_control/build/lib/robotic_arm_control/pubsub.py -> /home/katzchen/Documents/Taller/6DOF-3D-Printed-Robotic-Arm-ROS-2-Computer-Vision-Integration/ROS2_System/ros2_ws/install/robotic_arm_control/lib/python3.10/site-packages/robotic_arm_control
[1.153s] copying /home/katzchen/Documents/Taller/6DOF-3D-Printed-Robotic-Arm-ROS-2-Computer-Vision-Integration/ROS2_System/ros2_ws/build/robotic_arm_control/build/lib/robotic_arm_control/sub.py -> /home/katzchen/Documents/Taller/6DOF-3D-Printed-Robotic-Arm-ROS-2-Computer-Vision-Integration/ROS2_System/ros2_ws/install/robotic_arm_control/lib/python3.10/site-packages/robotic_arm_control
[1.154s] byte-compiling /home/katzchen/Documents/Taller/6DOF-3D-Printed-Robotic-Arm-ROS-2-Computer-Vision-Integration/ROS2_System/ros2_ws/install/robotic_arm_control/lib/python3.10/site-packages/robotic_arm_control/pubsub.py to pubsub.cpython-310.pyc
[1.155s] byte-compiling /home/katzchen/Documents/Taller/6DOF-3D-Printed-Robotic-Arm-ROS-2-Computer-Vision-Integration/ROS2_System/ros2_ws/install/robotic_arm_control/lib/python3.10/site-packages/robotic_arm_control/sub.py to sub.cpython-310.pyc
[1.156s] running install_data
[1.156s] copying resource/robotic_arm_control -> /home/katzchen/Documents/Taller/6DOF-3D-Printed-Robotic-Arm-ROS-2-Computer-Vision-Integration/ROS2_System/ros2_ws/install/robotic_arm_control/share/ament_index/resource_index/packages
[1.156s] copying package.xml -> /home/katzchen/Documents/Taller/6DOF-3D-Printed-Robotic-Arm-ROS-2-Computer-Vision-Integration/ROS2_System/ros2_ws/install/robotic_arm_control/share/robotic_arm_control
[1.156s] running install_egg_info
[1.176s] removing '/home/katzchen/Documents/Taller/6DOF-3D-Printed-Robotic-Arm-ROS-2-Computer-Vision-Integration/ROS2_System/ros2_ws/install/robotic_arm_control/lib/python3.10/site-packages/robotic_arm_control-0.0.0-py3.10.egg-info' (and everything under it)
[1.176s] Copying ../../build/robotic_arm_control/robotic_arm_control.egg-info to /home/katzchen/Documents/Taller/6DOF-3D-Printed-Robotic-Arm-ROS-2-Computer-Vision-Integration/ROS2_System/ros2_ws/install/robotic_arm_control/lib/python3.10/site-packages/robotic_arm_control-0.0.0-py3.10.egg-info
[1.178s] running install_scripts
[1.220s] Installing pubsub script to /home/katzchen/Documents/Taller/6DOF-3D-Printed-Robotic-Arm-ROS-2-Computer-Vision-Integration/ROS2_System/ros2_ws/install/robotic_arm_control/lib/robotic_arm_control
[1.220s] Installing sub script to /home/katzchen/Documents/Taller/6DOF-3D-Printed-Robotic-Arm-ROS-2-Computer-Vision-Integration/ROS2_System/ros2_ws/install/robotic_arm_control/lib/robotic_arm_control
[1.221s] writing list of installed files to '/home/katzchen/Documents/Taller/6DOF-3D-Printed-Robotic-Arm-ROS-2-Computer-Vision-Integration/ROS2_System/ros2_ws/build/robotic_arm_control/install.log'
[1.247s] Invoked command in '/home/katzchen/Documents/Taller/6DOF-3D-Printed-Robotic-Arm-ROS-2-Computer-Vision-Integration/ROS2_System/ros2_ws/src/robotic_arm_control' returned '0': CONDA_PROMPT_MODIFIER=(taller) PYTHONPATH=/home/katzchen/Documents/Taller/6DOF-3D-Printed-Robotic-Arm-ROS-2-Computer-Vision-Integration/ROS2_System/ros2_ws/build/robotic_arm_control/prefix_override:/usr/lib/python3/dist-packages/colcon_core/task/python/colcon_distutils_commands:/home/katzchen/Documents/Taller/6DOF-3D-Printed-Robotic-Arm-ROS-2-Computer-Vision-Integration/ROS2_System/ros2_ws/install/robotic_arm_control/lib/python3.10/site-packages:${PYTHONPATH} /usr/bin/python3 -W ignore:setup.py install is deprecated -W ignore:easy_install command is deprecated setup.py egg_info --egg-base ../../build/robotic_arm_control build --build-base /home/katzchen/Documents/Taller/6DOF-3D-Printed-Robotic-Arm-ROS-2-Computer-Vision-Integration/ROS2_System/ros2_ws/build/robotic_arm_control/build install --record /home/katzchen/Documents/Taller/6DOF-3D-Printed-Robotic-Arm-ROS-2-Computer-Vision-Integration/ROS2_System/ros2_ws/build/robotic_arm_control/install.log --single-version-externally-managed install_data
